// Jest Snapshot v1, https://goo.gl/fbAQLP

exports[`matches snapshot 1`] = `
<div>
  <div
    className="flex flex-wrap justify-center "
  >
    <div
      className="w-full md:w-1/2 lg:w-1/2 flex justify-center shadow-md mb-2"
    >
      <div
        className="flex justify-center w-full mx-6 my-4"
      >
        <img
          className="justify-self-center"
        />
      </div>
    </div>
    <div
      className="flex items-center justify-center w-full md:w-1/2 lg:w-1/2"
    >
      <div
        className="flex flex-col justify-center overflow-hidden  w-1/2 p-2 "
      >
        <h1
          className="text-3xl normaluppercase font-semibold leading-5  tracking-widest  text-left  my-2  "
        />
        <div
          className="text-base flex   my-3   text-gray-700"
        >
          <p />
        </div>
        <h2
          className="text-2xl thin text-green-200 uppercase font-semibold leading-5  tracking-widest  text-left  my-2  "
        />
      </div>
    </div>
  </div>
</div>
`;
