// Jest Snapshot v1, https://goo.gl/fbAQLP

exports[`matches the snapshot 1`] = `
<div>
  <h2
    className="text-2xl thintext-5xl text-center text-green-100 m-4 "
  >
    About ReScrap
  </h2>
  <div
    className="text-base flex mx-8 mb-16"
  >
    <p>
      ReScrap is an online marketplace designed specifically for trading recycled and recyclable plastic materials. Sellers place their recyclable resources on the platform, and buyers can get in contact with sellers. It offers a truly unique global platform for recyclers, manufacturers, mills, re-grinders and brokers wherever they are worldwide. With the age of digitalisation the world has not only become a smaller place but it’s no longer a localised marketplace, with worldwide trading you can always expect the best buyers and sellers to unite for the single purpose of trading.
    </p>
    <p>
      Our mission is to create an efficient set of cloud based technologies to enable traders of bulk materials to be more effective, more efficient and more profitable in their materials trading activities. Our values are Integrity; Transparency and Customer Service. We believe in providing a high value service and delivering on our promises. To the best of our ability we endeavour to make our activities transparent to all users and provide top customer service.
    </p>
  </div>
</div>
`;
