// Jest Snapshot v1, https://goo.gl/fbAQLP

exports[`matches the snapshot 1`] = `
<div
  className=""
>
  <h2
    className="text-2xl thintext-5xl text-center text-green-100 m-4 "
  >
    translation:pages.aboutus.subtitle
  </h2>
  <div
    className="text-base flex flex-col md:flex-row lg:flex-row xl:flex-row mx-8 mb-16"
  >
    <p
      className="p-8 text-justify"
    >
      translation:pages.aboutus.paragraph1
    </p>
    <p
      className="p-8 text-justify"
    >
      translation:pages.aboutus.paragraph2
    </p>
  </div>
</div>
`;
