// Jest Snapshot v1, https://goo.gl/fbAQLP

exports[`matches snapshot 1`] = `
<div
  className="max-w-sm rounded overflow-hidden my-10 mx-auto"
>
  <form
    className="w-full max-w-sm"
    onSubmit={[Function]}
  >
    <div
      className="flex items-center border-b border-b-2 border-green-500 py-2"
    >
      <input
        className="appearance-none bg-transparent border-none w-full text-gray-600 mr-3 py-1 px-2 leading-tight focus:outline-none"
        onChange={[Function]}
        placeholder="Search Product..."
        type="text"
      />
      <button
        className="flex-shrink-0 bg-green-500 hover:bg-green-600 border-green-500 hover:border-green-600 text-sm border-4 text-white py-1 px-2 rounded"
        type="submit"
      >
        Search
      </button>
    </div>
  </form>
</div>
`;
