// Jest Snapshot v1, https://goo.gl/fbAQLP

exports[`matches snapshot 1`] = `
<div
  className="container mx-auto"
>
  <h1
    className="text-3xl normaluppercase font-semibold leading-5  tracking-widest text-green-100 text-center p-2 my-2 "
  >
    NEW OFFERS
  </h1>
  <div
    className="flex justify-center"
  >
    <div
      className=" flex flex-wrap px-4 justify-between"
    >
      <div
        className="flex w-full sm:w-1/2 md:w-1/3 lg:w-1/4 xl:w-1/5 flex-col bg-white border rounded-lg overflow-hidden shadow-lg mx-4 my-4"
      >
        <a
          href="#"
          target="_blank"
        >
          <img
            alt="Rescrap Product"
            className="h-40 w-full justify-self-center bg-green-400"
            src="https://source.unsplash.com/random"
          />
        </a>
        <div
          className="p-4"
        >
          <a
            href="#"
            target="_blank"
          >
             
            <h4
              className="mt-1 font-semibold text-lg truncate leading-5"
            >
              Plastic Bottels
            </h4>
          </a>
          <p
            className="ml-2 text-gray-600 text-xs uppercase font-semibold tracking-wide leading-8"
          >
            Plastic
          </p>
          <div
            className="flex flex-row justify-between"
          >
            <span
              className="ml-1 inline-block bg-green-500 text-white text-sm px-2 rounded-full"
            >
              Sana'a
            </span>
             
            <h4
              className="text-green-600"
            >
              777YER
            </h4>
          </div>
        </div>
      </div>
      <div
        className="flex w-full sm:w-1/2 md:w-1/3 lg:w-1/4 xl:w-1/5 flex-col bg-white border rounded-lg overflow-hidden shadow-lg mx-4 my-4"
      >
        <a
          href="#"
          target="_blank"
        >
          <img
            alt="Rescrap Product"
            className="h-40 w-full justify-self-center bg-green-400"
            src="https://source.unsplash.com/random"
          />
        </a>
        <div
          className="p-4"
        >
          <a
            href="#"
            target="_blank"
          >
             
            <h4
              className="mt-1 font-semibold text-lg truncate leading-5"
            >
              Plastic Bottels
            </h4>
          </a>
          <p
            className="ml-2 text-gray-600 text-xs uppercase font-semibold tracking-wide leading-8"
          >
            Plastic
          </p>
          <div
            className="flex flex-row justify-between"
          >
            <span
              className="ml-1 inline-block bg-green-500 text-white text-sm px-2 rounded-full"
            >
              Sana'a
            </span>
             
            <h4
              className="text-green-600"
            >
              777YER
            </h4>
          </div>
        </div>
      </div>
      <div
        className="flex w-full sm:w-1/2 md:w-1/3 lg:w-1/4 xl:w-1/5 flex-col bg-white border rounded-lg overflow-hidden shadow-lg mx-4 my-4"
      >
        <a
          href="#"
          target="_blank"
        >
          <img
            alt="Rescrap Product"
            className="h-40 w-full justify-self-center bg-green-400"
            src="https://source.unsplash.com/random"
          />
        </a>
        <div
          className="p-4"
        >
          <a
            href="#"
            target="_blank"
          >
             
            <h4
              className="mt-1 font-semibold text-lg truncate leading-5"
            >
              Plastic Bottels
            </h4>
          </a>
          <p
            className="ml-2 text-gray-600 text-xs uppercase font-semibold tracking-wide leading-8"
          >
            Plastic
          </p>
          <div
            className="flex flex-row justify-between"
          >
            <span
              className="ml-1 inline-block bg-green-500 text-white text-sm px-2 rounded-full"
            >
              Sana'a
            </span>
             
            <h4
              className="text-green-600"
            >
              777YER
            </h4>
          </div>
        </div>
      </div>
      <div
        className="flex w-full sm:w-1/2 md:w-1/3 lg:w-1/4 xl:w-1/5 flex-col bg-white border rounded-lg overflow-hidden shadow-lg mx-4 my-4"
      >
        <a
          href="#"
          target="_blank"
        >
          <img
            alt="Rescrap Product"
            className="h-40 w-full justify-self-center bg-green-400"
            src="https://source.unsplash.com/random"
          />
        </a>
        <div
          className="p-4"
        >
          <a
            href="#"
            target="_blank"
          >
             
            <h4
              className="mt-1 font-semibold text-lg truncate leading-5"
            >
              Plastic Bottels
            </h4>
          </a>
          <p
            className="ml-2 text-gray-600 text-xs uppercase font-semibold tracking-wide leading-8"
          >
            Plastic
          </p>
          <div
            className="flex flex-row justify-between"
          >
            <span
              className="ml-1 inline-block bg-green-500 text-white text-sm px-2 rounded-full"
            >
              Sana'a
            </span>
             
            <h4
              className="text-green-600"
            >
              777YER
            </h4>
          </div>
        </div>
      </div>
      <div
        className="flex w-full sm:w-1/2 md:w-1/3 lg:w-1/4 xl:w-1/5 flex-col bg-white border rounded-lg overflow-hidden shadow-lg mx-4 my-4"
      >
        <a
          href="#"
          target="_blank"
        >
          <img
            alt="Rescrap Product"
            className="h-40 w-full justify-self-center bg-green-400"
            src="https://source.unsplash.com/random"
          />
        </a>
        <div
          className="p-4"
        >
          <a
            href="#"
            target="_blank"
          >
             
            <h4
              className="mt-1 font-semibold text-lg truncate leading-5"
            >
              Plastic Bottels
            </h4>
          </a>
          <p
            className="ml-2 text-gray-600 text-xs uppercase font-semibold tracking-wide leading-8"
          >
            Plastic
          </p>
          <div
            className="flex flex-row justify-between"
          >
            <span
              className="ml-1 inline-block bg-green-500 text-white text-sm px-2 rounded-full"
            >
              Sana'a
            </span>
             
            <h4
              className="text-green-600"
            >
              777YER
            </h4>
          </div>
        </div>
      </div>
      <div
        className="flex w-full sm:w-1/2 md:w-1/3 lg:w-1/4 xl:w-1/5 flex-col bg-white border rounded-lg overflow-hidden shadow-lg mx-4 my-4"
      >
        <a
          href="#"
          target="_blank"
        >
          <img
            alt="Rescrap Product"
            className="h-40 w-full justify-self-center bg-green-400"
            src="https://source.unsplash.com/random"
          />
        </a>
        <div
          className="p-4"
        >
          <a
            href="#"
            target="_blank"
          >
             
            <h4
              className="mt-1 font-semibold text-lg truncate leading-5"
            >
              Plastic Bottels
            </h4>
          </a>
          <p
            className="ml-2 text-gray-600 text-xs uppercase font-semibold tracking-wide leading-8"
          >
            Plastic
          </p>
          <div
            className="flex flex-row justify-between"
          >
            <span
              className="ml-1 inline-block bg-green-500 text-white text-sm px-2 rounded-full"
            >
              Sana'a
            </span>
             
            <h4
              className="text-green-600"
            >
              777YER
            </h4>
          </div>
        </div>
      </div>
      <div
        className="flex w-full sm:w-1/2 md:w-1/3 lg:w-1/4 xl:w-1/5 flex-col bg-white border rounded-lg overflow-hidden shadow-lg mx-4 my-4"
      >
        <a
          href="#"
          target="_blank"
        >
          <img
            alt="Rescrap Product"
            className="h-40 w-full justify-self-center bg-green-400"
            src="https://source.unsplash.com/random"
          />
        </a>
        <div
          className="p-4"
        >
          <a
            href="#"
            target="_blank"
          >
             
            <h4
              className="mt-1 font-semibold text-lg truncate leading-5"
            >
              Plastic Bottels
            </h4>
          </a>
          <p
            className="ml-2 text-gray-600 text-xs uppercase font-semibold tracking-wide leading-8"
          >
            Plastic
          </p>
          <div
            className="flex flex-row justify-between"
          >
            <span
              className="ml-1 inline-block bg-green-500 text-white text-sm px-2 rounded-full"
            >
              Sana'a
            </span>
             
            <h4
              className="text-green-600"
            >
              777YER
            </h4>
          </div>
        </div>
      </div>
      <div
        className="flex w-full sm:w-1/2 md:w-1/3 lg:w-1/4 xl:w-1/5 flex-col bg-white border rounded-lg overflow-hidden shadow-lg mx-4 my-4"
      >
        <a
          href="#"
          target="_blank"
        >
          <img
            alt="Rescrap Product"
            className="h-40 w-full justify-self-center bg-green-400"
            src="https://source.unsplash.com/random"
          />
        </a>
        <div
          className="p-4"
        >
          <a
            href="#"
            target="_blank"
          >
             
            <h4
              className="mt-1 font-semibold text-lg truncate leading-5"
            >
              Plastic Bottels
            </h4>
          </a>
          <p
            className="ml-2 text-gray-600 text-xs uppercase font-semibold tracking-wide leading-8"
          >
            Plastic
          </p>
          <div
            className="flex flex-row justify-between"
          >
            <span
              className="ml-1 inline-block bg-green-500 text-white text-sm px-2 rounded-full"
            >
              Sana'a
            </span>
             
            <h4
              className="text-green-600"
            >
              777YER
            </h4>
          </div>
        </div>
      </div>
    </div>
  </div>
  <button
    className="rounded-full py-2 px-4container block capitaliz mx-auto shadow bg-green-200 hover:bg-green-100 focus:shadow-outline focus:outline-none text-white text-lg py-3 px-10 rounded my-2"
    onClick=""
  >
    See More
  </button>
</div>
`;
